
   INFO  Translations successfully generated from 'en' to 'da'.  

