
   INFO  Translations successfully generated from 'de' to 'da'.  

