<?php

return [
    'without_placeholder' => 'Cheese Sandwich we don\'t have a placeholder in this sentence',
    'with_placeholder' => 'Cheese Sandwich we have a ":placeholder" and a :different_placeholder and another in brackets (Something:something_placeholder)',
    'nested' => [
        'without_placeholder' => 'Cheese Sandwich we don\'t have a placeholder in this sentence in nested array.',
        'with_placeholder' => 'Cheese Sandwich we have a ":placeholder" and a :different_placeholder and another in brackets (Something:something_placeholder) in nested array',
    ],
];